cube 1
cylinder 1
cube 2
cylinder 2
cube 4
cylinder 3
cube 6
cylinder 5
cube 10
cylinder 8
cube 16
cylinder 12
cube 24
cylinder 17
cube 34
cylinder 25
cube 50
cylinder 36
cube 72
cylinder 51
cube 102
cylinder 73
cube 146
cylinder 104
cube 208
cylinder 148
cube 296
cylinder 210
cube 420
cylinder 297
cube 594
cylinder 421
cube 842
cylinder 596
