cube 1
cube 3
cube 4
cube 5
cube 6
cube 7
cube 7
cube 8
cube 10
cube 12
cube 15
cube 16
cube 18
cube 20
cube 21
cube 23
cube 32
cube 32
cube 35
cube 35
cube 39
cube 42
cube 42
cube 47
cube 54
cube 54
cube 54
cube 55
cube 55
cube 56
cube 58
cube 61
cube 62
cube 62
cube 63
cube 65
cube 66
cube 66
cube 69
cube 70
cube 71
cube 73
cube 74
cube 81
cube 83
cube 83
cube 85
cube 92
cube 92
cube 97
cylinder 81
cylinder 83
cylinder 87
cylinder 88
cylinder 89
cylinder 95
cylinder 95
cylinder 96
cylinder 96
cylinder 96
cylinder 99
cylinder 100
cylinder 100
cylinder 102
cylinder 103
cylinder 104
cylinder 108
cylinder 110
cylinder 112
cylinder 114
cylinder 114
cylinder 123
cylinder 123
cylinder 125
cylinder 127
cylinder 129
cylinder 130
cylinder 130
cylinder 133
cylinder 140
cylinder 143
cylinder 145
cylinder 148
cylinder 150
cylinder 154
cylinder 155
cylinder 155
cylinder 156
cylinder 161
cylinder 162
cylinder 162
cylinder 173
cylinder 176
cylinder 176
cylinder 177
cylinder 184
cylinder 189
cylinder 189
cylinder 194
cylinder 199
