cube 1
cube 1
cube 2
cylinder 2
cube 7
cylinder 7
cube 18
cube 20
cube 20
cylinder 15
cylinder 15
cylinder 17
cube 39
cube 39
cube 39
cylinder 29
cylinder 29
cylinder 31
cylinder 32
cylinder 32
cylinder 33
cylinder 34
cylinder 34
cylinder 34
cylinder 36
cylinder 36
cube 72
cylinder 51
cube 103
cube 105
cylinder 76
cylinder 78
cylinder 78
cube 158
cylinder 113
cylinder 114
cylinder 115
cylinder 116
cylinder 117
cube 239
cylinder 170
cube 340
cube 342
cylinder 243
cube 489
cylinder 347
cylinder 348
cube 697
cube 699
cube 699
cylinder 496
cylinder 497
cube 998
cube 998
