cube 1
cube 1
cylinder 1
cylinder 3
cylinder 5
cylinder 5
cube 15
cylinder 12
cube 25
cylinder 20
cube 44
cylinder 33
cylinder 33
cube 71
cylinder 52
cube 106
cylinder 75
cube 154
cylinder 110
cube 223
cube 224
cylinder 161
cylinder 163
cube 329
cube 330
cube 331
cube 333
cylinder 238
cylinder 241
cube 482
cylinder 343
cylinder 344
cube 691
cylinder 490
cylinder 493
cylinder 496
cube 997
