cube 1
cube 1
cube 1
cylinder 2
cube 7
cube 8
cube 9
cube 10
cube 11
cube 11
cylinder 8
cylinder 8
cube 18
cylinder 13
cylinder 13
cube 29
cube 30
cube 30
cube 31
cube 32
cylinder 24
cylinder 25
cube 51
cylinder 37
cylinder 37
cylinder 37
cylinder 37
cylinder 37
cylinder 37
cube 76
cube 77
cube 77
cube 78
cube 78
cube 79
cube 80
cube 80
cylinder 57
cylinder 57
cube 115
cube 116
cube 116
cube 117
cube 117
cube 118
cylinder 84
cylinder 84
cube 168
cube 168
cube 168
cylinder 120
cube 241
cube 242
cube 243
cube 243
cylinder 173
cylinder 173
cube 346
cube 346
cube 346
cube 347
cylinder 246
cylinder 246
cylinder 247
cylinder 247
cube 495
cylinder 351
cylinder 352
cylinder 352
cylinder 353
cylinder 353
cylinder 353
cube 707
cylinder 500
cube 1000
