cube 1
cylinder 1
cube 3
cube 3
cylinder 3
cylinder 3
cylinder 3
cube 9
cube 10
cylinder 8
cube 19
cube 19
cube 20
cube 20
cube 20
cube 21
cylinder 15
cube 33
cylinder 24
cylinder 24
cube 51
cube 51
cube 52
cube 52
cube 53
cube 53
cylinder 38
cylinder 38
cylinder 38
cube 79
cylinder 57
cylinder 57
cube 114
cube 114
cube 114
cylinder 81
cylinder 81
cube 165
cube 166
cube 166
cube 167
cube 167
cube 168
cylinder 120
cube 242
cylinder 172
cylinder 172
cube 347
cube 347
cube 347
cube 347
cylinder 246
cube 494
cube 494
cube 494
cylinder 350
cylinder 351
cube 703
cube 704
cylinder 498
cube 997
cube 997
cube 997
cube 998
cube 998
cube 998
cube 998
cube 999
