cube 1
cube 1
cylinder 1
cube 2
cylinder 2
cube 7
cylinder 6
cube 15
cylinder 12
cube 24
cylinder 17
cube 37
cylinder 27
cube 54
cube 55
cylinder 39
cube 79
cube 80
cylinder 57
cylinder 57
cube 117
cube 117
cylinder 84
cube 170
cylinder 121
cube 243
cube 244
cylinder 173
cylinder 173
cylinder 174
cube 348
cylinder 247
cube 497
cube 497
cylinder 352
cube 704
cylinder 498
cube 998
cube 998
cube 999
cylinder 999
cylinder 1000
cylinder 1000
cylinder 1000
